[2026-06-09 09:17:23] Status -> Total: 0 | Online: 0 | Roblox: 0 | Prod: 0
[2026-07-07 08:43:16] Status -> Total: 0 | Online: 0 | Roblox: 0 | Prod: 0
[2026-07-07 08:44:55] Status -> Total: 0 | Online: 0 | Roblox: 0 | Prod: 0
[2026-07-07 08:45:56] Status -> Total: 0 | Online: 0 | Roblox: 0 | Prod: 0
[2026-07-07 08:46:48] Status -> Total: 0 | Online: 0 | Roblox: 0 | Prod: 0
[2026-07-07 08:47:50] Status -> Total: 0 | Online: 0 | Roblox: 0 | Prod: 0
[2026-07-07 08:48:51] Status -> Total: 0 | Online: 0 | Roblox: 0 | Prod: 0
[2026-07-07 08:49:12] Status -> Total: 0 | Online: 0 | Roblox: 0 | Prod: 0
[2026-07-07 08:49:27] Status -> Total: 0 | Online: 0 | Roblox: 0 | Prod: 0
[2026-07-07 08:50:17] Status -> Total: 0 | Online: 0 | Roblox: 0 | Prod: 0
[2026-07-07 08:52:39] Status -> Total: 0 | Online: 0 | Roblox: 0 | Prod: 0
[2026-07-07 08:58:51] Status -> Total: 0 | Online: 0 | Roblox: 0 | Prod: 0
[2026-07-07 09:04:25] Status -> Total: 0 | Online: 0 | Roblox: 0 | Prod: 0
[2026-07-07 09:05:53] Status -> Total: 0 | Online: 0 | Roblox: 0 | Prod: 0
[2026-07-07 09:07:30] Status -> Total: 0 | Online: 0 | Roblox: 0 | Prod: 0
[2026-07-07 09:11:05] Status -> Total: 0 | Online: 0 | Roblox: 0 | Prod: 0
[2026-07-07 09:11:35] Status -> Total: 0 | Online: 0 | Roblox: 0 | Prod: 0

D:\Florestan\Apps\SysAva\data\repo\plugins>[31m[1mWARNING: This is a development server. Do not use it in a production deployment. Use a production WSGI server instead.[0m
 * Running on all addresses (::)
 * Running on http://[::1]:5000
 * Running on http://[::1]:5000
[33mPress CTRL+C to quit[0m
[31m[1mWARNING: This is a development server. Do not use it in a production deployment. Use a production WSGI server instead.[0m
 * Running on all addresses (::)
 * Running on http://[::1]:5000
 * Running on http://[::1]:5000
[33mPress CTRL+C to quit[0m
[31m[1mWARNING: This is a development server. Do not use it in a production deployment. Use a production WSGI server instead.[0m
 * Running on all addresses (::)
 * Running on http://[::1]:5000
 * Running on http://[::1]:5000
[33mPress CTRL+C to quit[0m
[31m[1mWARNING: This is a development server. Do not use it in a production deployment. Use a production WSGI server instead.[0m
 * Running on all addresses (::)
 * Running on http://[::1]:5000
 * Running on http://[::1]:5000
[33mPress CTRL+C to quit[0m
[31m[1mWARNING: This is a development server. Do not use it in a production deployment. Use a production WSGI server instead.[0m
 * Running on all addresses (::)
 * Running on http://[::1]:5000
 * Running on http://[2804:29b8:5198:e90e:75c7:4ef1:916b:4cdd]:5000
[33mPress CTRL+C to quit[0m
[31m[1mWARNING: This is a development server. Do not use it in a production deployment. Use a production WSGI server instead.[0m
 * Running on all addresses (::)
 * Running on http://[::1]:5000
 * Running on http://[2804:29b8:5198:e90e:75c7:4ef1:916b:4cdd]:5000
[33mPress CTRL+C to quit[0m
[31m[1mWARNING: This is a development server. Do not use it in a production deployment. Use a production WSGI server instead.[0m
 * Running on all addresses (::)
 * Running on http://[::1]:5000
 * Running on http://[2804:29b8:5198:e90e:75c7:4ef1:916b:4cdd]:5000
[33mPress CTRL+C to quit[0m
[31m[1mWARNING: This is a development server. Do not use it in a production deployment. Use a production WSGI server instead.[0m
 * Running on all addresses (::)
 * Running on http://[::1]:5000
 * Running on http://[2804:29b8:5198:e90e:75c7:4ef1:916b:4cdd]:5000
[33mPress CTRL+C to quit[0m
